> table(dataset$Buy,predict(nn.netprice,newdata=testset,type="class"))

> summary(nn.NetPrice)
                    Length Class      Mode    
call                  7    -none-     call    
response             56    -none-     numeric 
covariate           168    -none-     numeric 
model.list            2    -none-     list    
err.fct               1    -none-     function
act.fct               1    -none-     function
linear.output         1    -none-     logical 
data                  8    data.frame list    
net.result            1    -none-     list    
weights               1    -none-     list    
startweights          1    -none-     list    
generalized.weights   1    -none-     list    
result.matrix        14    -none-     numeric 
> print(nn.NetPrice)
Call: neuralnet(formula = trainset$Buy ~ Volume + Open + Adj.Close,     data = trainset, hidden = 2, threshold = 0.1, lifesign = "minimal",     linear.output = FALSE)

1 repetition was calculated.

        Error Reached Threshold Steps
1 5.919807332     0.02882280561    10

> plot(nn.NetPrice)




> compute(nn.NetPrice, covariate, rep =1)
$neurons
$neurons[[1]]
    1    Volume       Open  Adj.Close
57  1  56831300  94.199997  94.604009
58  1  48160100  93.970001  93.073328
59  1  68531500  93.989998  93.172721
60  1  82242700  97.610001  94.256129
61  1 114602100  96.000000  97.228032
62  1  56016200 103.910004 103.718514
63  1  28031600 105.000000 104.444100
64  1  33683100 105.010002 105.040467
65  1  31552500 106.930000 105.328713
66  1  30611000 106.639999 106.481689
67  1  32384900 107.879997 106.263027
68  1  60821500 108.889999 106.829577
69  1  46939000 112.110001 109.185230
70  1  25473900 111.620003 111.421614
71  1  33257300 110.800003 111.361980
72  1  27232300 109.339996 109.771664
73  1  29407500 108.970001 108.360251
74  1  23581700 108.910004 108.002437
75  1  31801900 109.949997 107.883160
76  1  26404100 110.230003 110.288514
77  1  26578700 109.510002 109.145471
78  1  37356200 110.419998 110.447549
79  1  25874000 108.779999 109.324382
80  1  25888400 109.720001 108.330434
81  1  45601100 108.650002 108.896984
82  1  31190100 104.889999 107.028364
83  1  19411400 106.000000 104.553435
84  1  26133000 105.470001 105.030526
85  1  25703500 106.480003 105.487741
86  1  32444400 105.250000 106.074174
87  1  35502700 105.930000 105.269079
88  1  44205200 106.339996 105.279013
89  1  34420700 105.519997 105.159744
90  1  38303500 104.610001 105.328713
91  1  40067700 103.959999 103.947125
92  1  25076100 101.910004 101.899587
93  1  27408200 102.239998 101.641166
94  1  33513600 101.410004 100.557758
95  1  27201700 101.309998 100.508065
96  1  31561900 100.779999 100.418606
97  1  35828900 102.389999 101.253526
98  1  46055100 102.370003 102.386627
99  1  36955700 100.580002 100.885763
100 1  33169600 100.510002 100.140301
101 1  50407100  97.650002  99.921631
102 1  35216300  96.860001  96.104873
103 1  28991100  97.199997  96.323543
104 1  27582700  96.050003  96.174449
105 1  36255700  93.980003  95.518440
106 1  31942600  96.400002  94.116976
107 1  34280800  96.309998  96.293718
108 1  35374200  96.000000  95.458805
109 1  39021000  98.839996  95.677475
110 1  44863200  96.669998  97.526220
111 1  49057900  95.019997  96.055173
112 1  40351400  94.190002  93.421208
113 1  50074700  93.790001  93.132962
114 1  42343600  95.919998  93.699512
115 1  44331200  94.290001  94.415156
116 1  54021400  93.129997  94.435040
117 1  46418100  96.519997  93.451025
118 1  46471700  95.860001  96.015414
119 1  45964300  95.000000  95.250077
120 1  37357200  95.419998  93.401429
121 1  40943500  96.470001  95.329165
122 1  64416500  94.790001  96.228773
123 1  55678800  93.790001  93.015874
124 1 133369700  96.040001  92.353525
125 1  75077000  99.930000  98.848522
126 1  51794500 101.519997  98.304805
127 1  65800500  98.629997 100.262198
128 1  52161500  97.059998  95.200652
129 1  72334400  95.099998  95.685056
130 1  53087700  98.410004  95.556543
131 1  79833900  96.199997  96.021171
132 1  63170100  97.959999  98.383886
133 1  62439600 100.320000  96.278205
134 1  49154200 100.550003  98.818866
135 1  49739400  98.970001  97.405190
136 1  70798000  98.550003  95.853114
137 1  81094400  98.680000  95.348934
138 1  68457400 100.559998  99.550416
139 1  55791000 105.750000 101.537472
140 1  67649400 102.610001 104.147334
NA  1        NA         NA         NA

$neurons[[2]]
    [,1] [,2] [,3]
57     1    1    0
58     1    1    0
59     1    1    0
60     1    1    0
61     1    1    0
62     1    1    0
63     1    1    0
64     1    1    0
65     1    1    0
66     1    1    0
67     1    1    0
68     1    1    0
69     1    1    0
70     1    1    0
71     1    1    0
72     1    1    0
73     1    1    0
74     1    1    0
75     1    1    0
76     1    1    0
77     1    1    0
78     1    1    0
79     1    1    0
80     1    1    0
81     1    1    0
82     1    1    0
83     1    1    0
84     1    1    0
85     1    1    0
86     1    1    0
87     1    1    0
88     1    1    0
89     1    1    0
90     1    1    0
91     1    1    0
92     1    1    0
93     1    1    0
94     1    1    0
95     1    1    0
96     1    1    0
97     1    1    0
98     1    1    0
99     1    1    0
100    1    1    0
101    1    1    0
102    1    1    0
103    1    1    0
104    1    1    0
105    1    1    0
106    1    1    0
107    1    1    0
108    1    1    0
109    1    1    0
110    1    1    0
111    1    1    0
112    1    1    0
113    1    1    0
114    1    1    0
115    1    1    0
116    1    1    0
117    1    1    0
118    1    1    0
119    1    1    0
120    1    1    0
121    1    1    0
122    1    1    0
123    1    1    0
124    1    1    0
125    1    1    0
126    1    1    0
127    1    1    0
128    1    1    0
129    1    1    0
130    1    1    0
131    1    1    0
132    1    1    0
133    1    1    0
134    1    1    0
135    1    1    0
136    1    1    0
137    1    1    0
138    1    1    0
139    1    1    0
140    1    1    0
NA     1   NA   NA
